2025-12-25 16:44:57,700 - INFO - Starting HLPFLCG GitHub repository collection...
2025-12-25 16:44:57,700 - WARNING - No token provided. Using unauthenticated access (rate limited).
2025-12-25 16:44:57,700 - INFO - Processing 8 individual repositories from config
2025-12-25 16:44:57,700 - DEBUG - Starting new HTTPS connection (1): api.github.com:443
2025-12-25 16:44:57,896 - DEBUG - https://api.github.com:443 "GET /repos/HLPFLCG/hlpflrecords HTTP/1.1" 200 1224
2025-12-25 16:44:57,897 - INFO - Found repository: HLPFLCG/hlpflrecords
2025-12-25 16:44:58,242 - DEBUG - https://api.github.com:443 "GET /repos/HLPFLCG/alki.info HTTP/1.1" 200 1217
2025-12-25 16:44:58,243 - INFO - Found repository: HLPFLCG/alki.info
2025-12-25 16:44:58,622 - DEBUG - https://api.github.com:443 "GET /repos/HLPFLCG/hlpflforms HTTP/1.1" 200 1220
2025-12-25 16:44:58,623 - INFO - Found repository: HLPFLCG/hlpflforms
2025-12-25 16:44:58,981 - DEBUG - https://api.github.com:443 "GET /repos/HLPFLCG/socialmediamanager HTTP/1.1" 200 1232
2025-12-25 16:44:58,982 - INFO - Found repository: HLPFLCG/socialmediamanager
2025-12-25 16:44:59,332 - DEBUG - https://api.github.com:443 "GET /repos/HLPFLCG/linkinbio HTTP/1.1" 200 1294
2025-12-25 16:44:59,333 - INFO - Found repository: HLPFLCG/linkinbio
2025-12-25 16:44:59,676 - DEBUG - https://api.github.com:443 "GET /repos/HLPFLCG/whitelabellinkinbio HTTP/1.1" 200 1232
2025-12-25 16:44:59,677 - INFO - Found repository: HLPFLCG/whitelabellinkinbio
2025-12-25 16:45:00,084 - DEBUG - https://api.github.com:443 "GET /repos/HLPFLCG/chatbot-blank HTTP/1.1" 200 1221
2025-12-25 16:45:00,085 - INFO - Found repository: HLPFLCG/chatbot-blank
2025-12-25 16:45:00,434 - DEBUG - https://api.github.com:443 "GET /repos/HLPFLCG/googletagmanager HTTP/1.1" 200 1234
2025-12-25 16:45:00,435 - INFO - Found repository: HLPFLCG/googletagmanager
2025-12-25 16:45:00,435 - INFO - Total repositories to process: 8
2025-12-25 16:45:00,448 - INFO - Processing repository: HLPFLCG/hlpflrecords
2025-12-25 16:45:00,774 - DEBUG - https://api.github.com:443 "GET /repos/HLPFLCG/hlpflrecords/contents/ HTTP/1.1" 200 22469
2025-12-25 16:45:00,802 - DEBUG - Excluded package-lock.json: Excluded pattern: package-lock.json
2025-12-25 16:45:01,127 - DEBUG - https://api.github.com:443 "GET /repos/HLPFLCG/hlpflrecords/contents/public HTTP/1.1" 200 8596
2025-12-25 16:45:01,456 - DEBUG - https://api.github.com:443 "GET /repos/HLPFLCG/hlpflrecords/contents/src HTTP/1.1" 200 6793
2025-12-25 16:45:01,818 - DEBUG - https://api.github.com:443 "GET /repos/HLPFLCG/hlpflrecords/contents/public/audio HTTP/1.1" 200 11332
2025-12-25 16:45:02,153 - DEBUG - https://api.github.com:443 "GET /repos/HLPFLCG/hlpflrecords/contents/public/images HTTP/1.1" 200 2931
2025-12-25 16:45:02,479 - DEBUG - https://api.github.com:443 "GET /repos/HLPFLCG/hlpflrecords/contents/src/__tests__ HTTP/1.1" 200 756
2025-12-25 16:45:02,808 - DEBUG - https://api.github.com:443 "GET /repos/HLPFLCG/hlpflrecords/contents/src/app HTTP/1.1" 200 16599
2025-12-25 16:45:03,136 - DEBUG - https://api.github.com:443 "GET /repos/HLPFLCG/hlpflrecords/contents/src/components HTTP/1.1" 200 16427
2025-12-25 16:45:03,453 - DEBUG - https://api.github.com:443 "GET /repos/HLPFLCG/hlpflrecords/contents/src/contexts HTTP/1.1" 200 878
2025-12-25 16:45:03,783 - DEBUG - https://api.github.com:443 "GET /repos/HLPFLCG/hlpflrecords/contents/src/data HTTP/1.1" 200 820
2025-12-25 16:45:04,109 - DEBUG - https://api.github.com:443 "GET /repos/HLPFLCG/hlpflrecords/contents/src/hooks HTTP/1.1" 200 1768
2025-12-25 16:45:04,450 - DEBUG - https://api.github.com:443 "GET /repos/HLPFLCG/hlpflrecords/contents/src/lib HTTP/1.1" 200 8260
2025-12-25 16:45:04,773 - DEBUG - https://api.github.com:443 "GET /repos/HLPFLCG/hlpflrecords/contents/src/styles HTTP/1.1" 200 2623
2025-12-25 16:45:05,100 - DEBUG - https://api.github.com:443 "GET /repos/HLPFLCG/hlpflrecords/contents/src/test HTTP/1.1" 200 797
2025-12-25 16:45:05,428 - DEBUG - https://api.github.com:443 "GET /repos/HLPFLCG/hlpflrecords/contents/src/types HTTP/1.1" 200 804
2025-12-25 16:45:05,749 - DEBUG - https://api.github.com:443 "GET /repos/HLPFLCG/hlpflrecords/contents/public/images/favicon HTTP/1.1" 200 4110
2025-12-25 16:45:06,071 - DEBUG - https://api.github.com:443 "GET /repos/HLPFLCG/hlpflrecords/contents/public/images/footer HTTP/1.1" 200 2947
2025-12-25 16:45:06,399 - DEBUG - https://api.github.com:443 "GET /repos/HLPFLCG/hlpflrecords/contents/public/images/releases HTTP/1.1" 200 42752
2025-12-25 16:45:06,760 - DEBUG - https://api.github.com:443 "GET /repos/HLPFLCG/hlpflrecords/contents/public/images/team HTTP/1.1" 200 18782
2025-12-25 16:45:07,083 - DEBUG - https://api.github.com:443 "GET /repos/HLPFLCG/hlpflrecords/contents/src/__tests__/components HTTP/1.1" 200 2046
2025-12-25 16:45:07,402 - DEBUG - https://api.github.com:443 "GET /repos/HLPFLCG/hlpflrecords/contents/src/app/about HTTP/1.1" 200 828
2025-12-25 16:45:07,729 - DEBUG - https://api.github.com:443 "GET /repos/HLPFLCG/hlpflrecords/contents/src/app/api HTTP/1.1" 200 1515
2025-12-25 16:45:08,054 - DEBUG - https://api.github.com:443 "GET /repos/HLPFLCG/hlpflrecords/contents/src/app/artist-portal HTTP/1.1" 200 877
2025-12-25 16:45:08,377 - DEBUG - https://api.github.com:443 "GET /repos/HLPFLCG/hlpflrecords/contents/src/app/artists HTTP/1.1" 200 841
2025-12-25 16:45:08,698 - DEBUG - https://api.github.com:443 "GET /repos/HLPFLCG/hlpflrecords/contents/src/app/contact HTTP/1.1" 200 841
2025-12-25 16:45:09,020 - DEBUG - https://api.github.com:443 "GET /repos/HLPFLCG/hlpflrecords/contents/src/app/legal HTTP/1.1" 200 5310
2025-12-25 16:45:09,352 - DEBUG - https://api.github.com:443 "GET /repos/HLPFLCG/hlpflrecords/contents/src/app/licensing HTTP/1.1" 200 853
2025-12-25 16:45:09,671 - DEBUG - https://api.github.com:443 "GET /repos/HLPFLCG/hlpflrecords/contents/src/app/minimal HTTP/1.1" 200 1691
2025-12-25 16:45:09,994 - DEBUG - https://api.github.com:443 "GET /repos/HLPFLCG/hlpflrecords/contents/src/app/news HTTP/1.1" 200 822
2025-12-25 16:45:10,314 - DEBUG - https://api.github.com:443 "GET /repos/HLPFLCG/hlpflrecords/contents/src/app/partners HTTP/1.1" 200 847
2025-12-25 16:45:10,647 - DEBUG - https://api.github.com:443 "GET /repos/HLPFLCG/hlpflrecords/contents/src/app/releases HTTP/1.1" 200 846
2025-12-25 16:45:10,970 - DEBUG - https://api.github.com:443 "GET /repos/HLPFLCG/hlpflrecords/contents/src/app/submit-music HTTP/1.1" 200 870
2025-12-25 16:45:11,294 - DEBUG - https://api.github.com:443 "GET /repos/HLPFLCG/hlpflrecords/contents/src/components/__tests__ HTTP/1.1" 200 1947
2025-12-25 16:45:11,622 - DEBUG - https://api.github.com:443 "GET /repos/HLPFLCG/hlpflrecords/contents/src/components/accessibility HTTP/1.1" 200 1023
2025-12-25 16:45:11,947 - DEBUG - https://api.github.com:443 "GET /repos/HLPFLCG/hlpflrecords/contents/src/components/admin HTTP/1.1" 200 968
2025-12-25 16:45:12,270 - DEBUG - https://api.github.com:443 "GET /repos/HLPFLCG/hlpflrecords/contents/src/components/analytics HTTP/1.1" 200 992
2025-12-25 16:45:12,594 - DEBUG - https://api.github.com:443 "GET /repos/HLPFLCG/hlpflrecords/contents/src/components/animations HTTP/1.1" 200 2880
2025-12-25 16:45:12,919 - DEBUG - https://api.github.com:443 "GET /repos/HLPFLCG/hlpflrecords/contents/src/components/layout HTTP/1.1" 200 1779
2025-12-25 16:45:13,257 - DEBUG - https://api.github.com:443 "GET /repos/HLPFLCG/hlpflrecords/contents/src/components/performance HTTP/1.1" 200 1979
2025-12-25 16:45:13,585 - DEBUG - https://api.github.com:443 "GET /repos/HLPFLCG/hlpflrecords/contents/src/components/search HTTP/1.1" 200 932
2025-12-25 16:45:13,914 - DEBUG - https://api.github.com:443 "GET /repos/HLPFLCG/hlpflrecords/contents/src/components/sections HTTP/1.1" 200 3857
2025-12-25 16:45:14,243 - DEBUG - https://api.github.com:443 "GET /repos/HLPFLCG/hlpflrecords/contents/src/components/ui HTTP/1.1" 200 6127
2025-12-25 16:45:14,562 - DEBUG - https://api.github.com:443 "GET /repos/HLPFLCG/hlpflrecords/contents/src/app/api/chatbot-analytics HTTP/1.1" 200 924
2025-12-25 16:45:14,884 - DEBUG - https://api.github.com:443 "GET /repos/HLPFLCG/hlpflrecords/contents/src/app/api/contact HTTP/1.1" 200 864
2025-12-25 16:45:15,211 - DEBUG - https://api.github.com:443 "GET /repos/HLPFLCG/hlpflrecords/contents/src/app/legal/cookies-enhanced HTTP/1.1" 200 931
2025-12-25 16:45:15,529 - DEBUG - https://api.github.com:443 "GET /repos/HLPFLCG/hlpflrecords/contents/src/app/legal/cookies HTTP/1.1" 200 877
2025-12-25 16:45:15,856 - DEBUG - https://api.github.com:443 "GET /repos/HLPFLCG/hlpflrecords/contents/src/app/legal/copyright HTTP/1.1" 200 889
2025-12-25 16:45:16,201 - DEBUG - https://api.github.com:443 "GET /repos/HLPFLCG/hlpflrecords/contents/src/app/legal/privacy-enhanced HTTP/1.1" 200 931
2025-12-25 16:45:16,525 - DEBUG - https://api.github.com:443 "GET /repos/HLPFLCG/hlpflrecords/contents/src/app/legal/privacy HTTP/1.1" 200 877
2025-12-25 16:45:16,853 - DEBUG - https://api.github.com:443 "GET /repos/HLPFLCG/hlpflrecords/contents/src/app/legal/terms-enhanced HTTP/1.1" 200 919
2025-12-25 16:45:17,172 - DEBUG - https://api.github.com:443 "GET /repos/HLPFLCG/hlpflrecords/contents/src/app/legal/terms HTTP/1.1" 200 865
2025-12-25 16:45:17,174 - INFO - Found 206 files to collect from hlpflrecords
2025-12-25 16:45:17,176 - DEBUG - Starting new HTTPS connection (1): raw.githubusercontent.com:443
2025-12-25 16:45:17,351 - DEBUG - https://raw.githubusercontent.com:443 "GET /HLPFLCG/hlpflrecords/main/.eslintrc.json HTTP/1.1" 200 294
2025-12-25 16:45:17,353 - DEBUG - Starting new HTTPS connection (1): raw.githubusercontent.com:443
2025-12-25 16:45:17,455 - DEBUG - https://raw.githubusercontent.com:443 "GET /HLPFLCG/hlpflrecords/main/.gitignore HTTP/1.1" 200 309
2025-12-25 16:45:17,457 - DEBUG - Starting new HTTPS connection (1): raw.githubusercontent.com:443
2025-12-25 16:45:17,569 - DEBUG - https://raw.githubusercontent.com:443 "GET /HLPFLCG/hlpflrecords/main/ANALYTICS_GUIDE.md HTTP/1.1" 200 7234
2025-12-25 16:45:17,572 - DEBUG - Starting new HTTPS connection (1): raw.githubusercontent.com:443
2025-12-25 16:45:17,716 - DEBUG - https://raw.githubusercontent.com:443 "GET /HLPFLCG/hlpflrecords/main/API_REFERENCE.md HTTP/1.1" 200 5928
2025-12-25 16:45:17,720 - DEBUG - Starting new HTTPS connection (1): raw.githubusercontent.com:443
2025-12-25 16:45:17,842 - DEBUG - https://raw.githubusercontent.com:443 "GET /HLPFLCG/hlpflrecords/main/COMPLETE_SITE_GUIDE.md HTTP/1.1" 200 7433
2025-12-25 16:45:17,845 - DEBUG - Starting new HTTPS connection (1): raw.githubusercontent.com:443
2025-12-25 16:45:17,960 - DEBUG - https://raw.githubusercontent.com:443 "GET /HLPFLCG/hlpflrecords/main/DEPLOYMENT_GUIDE.md HTTP/1.1" 200 5522
2025-12-25 16:45:17,963 - DEBUG - Starting new HTTPS connection (1): raw.githubusercontent.com:443
2025-12-25 16:45:18,079 - DEBUG - https://raw.githubusercontent.com:443 "GET /HLPFLCG/hlpflrecords/main/DEVELOPER_GUIDE.md HTTP/1.1" 200 6943
2025-12-25 16:45:18,082 - DEBUG - Starting new HTTPS connection (1): raw.githubusercontent.com:443
2025-12-25 16:45:18,191 - DEBUG - https://raw.githubusercontent.com:443 "GET /HLPFLCG/hlpflrecords/main/EASTER_EGGS_GUIDE.md HTTP/1.1" 200 9103
2025-12-25 16:45:18,193 - DEBUG - Starting new HTTPS connection (1): raw.githubusercontent.com:443
2025-12-25 16:45:18,313 - DEBUG - https://raw.githubusercontent.com:443 "GET /HLPFLCG/hlpflrecords/main/EASTER_EGGS_SETUP_GUIDE.md HTTP/1.1" 200 2297
2025-12-25 16:45:18,317 - DEBUG - Starting new HTTPS connection (1): raw.githubusercontent.com:443
2025-12-25 16:45:18,446 - DEBUG - https://raw.githubusercontent.com:443 "GET /HLPFLCG/hlpflrecords/main/EDITING_GUIDE.md HTTP/1.1" 200 7543
2025-12-25 16:45:18,451 - DEBUG - Starting new HTTPS connection (1): raw.githubusercontent.com:443
2025-12-25 16:45:18,584 - DEBUG - https://raw.githubusercontent.com:443 "GET /HLPFLCG/hlpflrecords/main/ENHANCEMENTS_DOCUMENTATION.md HTTP/1.1" 200 3818
2025-12-25 16:45:18,587 - DEBUG - Starting new HTTPS connection (1): raw.githubusercontent.com:443
2025-12-25 16:45:18,697 - DEBUG - https://raw.githubusercontent.com:443 "GET /HLPFLCG/hlpflrecords/main/FINAL_DELIVERY_SUMMARY.md HTTP/1.1" 200 4791
2025-12-25 16:45:18,699 - DEBUG - Starting new HTTPS connection (1): raw.githubusercontent.com:443
2025-12-25 16:45:18,790 - DEBUG - https://raw.githubusercontent.com:443 "GET /HLPFLCG/hlpflrecords/main/PERFECTION_MANDATE_EXECUTION.md HTTP/1.1" 200 3626
2025-12-25 16:45:18,792 - DEBUG - Starting new HTTPS connection (1): raw.githubusercontent.com:443
2025-12-25 16:45:18,907 - DEBUG - https://raw.githubusercontent.com:443 "GET /HLPFLCG/hlpflrecords/main/README.md HTTP/1.1" 200 4529
2025-12-25 16:45:18,910 - DEBUG - Starting new HTTPS connection (1): raw.githubusercontent.com:443
2025-12-25 16:45:19,031 - DEBUG - https://raw.githubusercontent.com:443 "GET /HLPFLCG/hlpflrecords/main/TROUBLESHOOTING_GUIDE.md HTTP/1.1" 200 6962
2025-12-25 16:45:19,035 - DEBUG - Starting new HTTPS connection (1): raw.githubusercontent.com:443
2025-12-25 16:45:19,169 - DEBUG - https://raw.githubusercontent.com:443 "GET /HLPFLCG/hlpflrecords/main/WEBSITE_EDITING_GUIDE.md HTTP/1.1" 200 3055
2025-12-25 16:45:19,173 - DEBUG - Starting new HTTPS connection (1): raw.githubusercontent.com:443
2025-12-25 16:45:19,278 - DEBUG - https://raw.githubusercontent.com:443 "GET /HLPFLCG/hlpflrecords/main/next.config.js HTTP/1.1" 200 685
2025-12-25 16:45:19,282 - DEBUG - Starting new HTTPS connection (1): raw.githubusercontent.com:443
2025-12-25 16:45:19,409 - DEBUG - https://raw.githubusercontent.com:443 "GET /HLPFLCG/hlpflrecords/main/package.json HTTP/1.1" 200 721
2025-12-25 16:45:19,411 - DEBUG - Starting new HTTPS connection (1): raw.githubusercontent.com:443
2025-12-25 16:45:19,508 - DEBUG - https://raw.githubusercontent.com:443 "GET /HLPFLCG/hlpflrecords/main/postcss.config.js HTTP/1.1" 200 85
2025-12-25 16:45:19,512 - DEBUG - Starting new HTTPS connection (1): raw.githubusercontent.com:443
2025-12-25 16:45:19,635 - DEBUG - https://raw.githubusercontent.com:443 "GET /HLPFLCG/hlpflrecords/main/sentry.client.config.js HTTP/1.1" 200 229
2025-12-25 16:45:19,639 - DEBUG - Starting new HTTPS connection (1): raw.githubusercontent.com:443
2025-12-25 16:45:19,761 - DEBUG - https://raw.githubusercontent.com:443 "GET /HLPFLCG/hlpflrecords/main/tailwind.config.js HTTP/1.1" 200 1406
2025-12-25 16:45:19,764 - DEBUG - Starting new HTTPS connection (1): raw.githubusercontent.com:443
2025-12-25 16:45:19,894 - DEBUG - https://raw.githubusercontent.com:443 "GET /HLPFLCG/hlpflrecords/main/todo.md HTTP/1.1" 200 1317
2025-12-25 16:45:19,899 - DEBUG - Starting new HTTPS connection (1): raw.githubusercontent.com:443
2025-12-25 16:45:20,021 - DEBUG - https://raw.githubusercontent.com:443 "GET /HLPFLCG/hlpflrecords/main/tsconfig.json HTTP/1.1" 200 342
2025-12-25 16:45:20,024 - DEBUG - Starting new HTTPS connection (1): raw.githubusercontent.com:443
2025-12-25 16:45:20,168 - DEBUG - https://raw.githubusercontent.com:443 "GET /HLPFLCG/hlpflrecords/main/vitest.config.ts HTTP/1.1" 200 321
2025-12-25 16:45:20,172 - DEBUG - Starting new HTTPS connection (1): raw.githubusercontent.com:443
2025-12-25 16:45:20,306 - DEBUG - https://raw.githubusercontent.com:443 "GET /HLPFLCG/hlpflrecords/main/wrangler.toml HTTP/1.1" 200 122
2025-12-25 16:45:20,310 - DEBUG - Starting new HTTPS connection (1): raw.githubusercontent.com:443
2025-12-25 16:45:20,429 - DEBUG - https://raw.githubusercontent.com:443 "GET /HLPFLCG/hlpflrecords/main/public/.nojekyll HTTP/1.1" 200 None
2025-12-25 16:45:20,433 - DEBUG - Starting new HTTPS connection (1): raw.githubusercontent.com:443
2025-12-25 16:45:20,582 - DEBUG - https://raw.githubusercontent.com:443 "GET /HLPFLCG/hlpflrecords/main/public/_headers HTTP/1.1" 200 254
2025-12-25 16:45:20,584 - DEBUG - Starting new HTTPS connection (1): raw.githubusercontent.com:443
2025-12-25 16:45:20,695 - DEBUG - https://raw.githubusercontent.com:443 "GET /HLPFLCG/hlpflrecords/main/public/_redirects HTTP/1.1" 200 183
2025-12-25 16:45:20,699 - DEBUG - Starting new HTTPS connection (1): raw.githubusercontent.com:443
2025-12-25 16:45:20,846 - DEBUG - https://raw.githubusercontent.com:443 "GET /HLPFLCG/hlpflrecords/main/public/logo.svg HTTP/1.1" 200 117249
2025-12-25 16:45:20,873 - DEBUG - Starting new HTTPS connection (1): raw.githubusercontent.com:443
2025-12-25 16:45:20,979 - DEBUG - https://raw.githubusercontent.com:443 "GET /HLPFLCG/hlpflrecords/main/public/manifest.json HTTP/1.1" 200 429
2025-12-25 16:45:20,981 - DEBUG - Starting new HTTPS connection (1): raw.githubusercontent.com:443
2025-12-25 16:45:21,195 - DEBUG - https://raw.githubusercontent.com:443 "GET /HLPFLCG/hlpflrecords/main/public/robots.txt HTTP/1.1" 200 243
2025-12-25 16:45:21,198 - DEBUG - Starting new HTTPS connection (1): raw.githubusercontent.com:443
2025-12-25 16:45:21,314 - DEBUG - https://raw.githubusercontent.com:443 "GET /HLPFLCG/hlpflrecords/main/public/sitemap.xml HTTP/1.1" 200 376
2025-12-25 16:45:21,317 - DEBUG - Starting new HTTPS connection (1): raw.githubusercontent.com:443
2025-12-25 16:45:21,421 - DEBUG - https://raw.githubusercontent.com:443 "GET /HLPFLCG/hlpflrecords/main/public/sw.js HTTP/1.1" 200 5333
2025-12-25 16:45:21,424 - DEBUG - Starting new HTTPS connection (1): raw.githubusercontent.com:443
2025-12-25 16:45:21,645 - DEBUG - https://raw.githubusercontent.com:443 "GET /HLPFLCG/hlpflrecords/main/public/workbox-4754cb34.js HTTP/1.1" 200 7992
2025-12-25 16:45:21,648 - DEBUG - Starting new HTTPS connection (1): raw.githubusercontent.com:443
2025-12-25 16:45:22,404 - DEBUG - https://raw.githubusercontent.com:443 "GET /HLPFLCG/hlpflrecords/main/public/audio/1113.mp3 HTTP/1.1" 200 6353832
2025-12-25 16:45:22,456 - DEBUG - Starting new HTTPS connection (1): raw.githubusercontent.com:443
2025-12-25 16:45:22,680 - DEBUG - https://raw.githubusercontent.com:443 "GET /HLPFLCG/hlpflrecords/main/public/audio/5d.mp3 HTTP/1.1" 200 9142659
2025-12-25 16:45:22,750 - DEBUG - Starting new HTTPS connection (1): raw.githubusercontent.com:443
2025-12-25 16:45:23,133 - DEBUG - https://raw.githubusercontent.com:443 "GET /HLPFLCG/hlpflrecords/main/public/audio/PTSD-%20MASTER%20MASTER%202.mp3 HTTP/1.1" 200 5902103
2025-12-25 16:45:23,180 - DEBUG - Starting new HTTPS connection (1): raw.githubusercontent.com:443
2025-12-25 16:45:23,591 - DEBUG - https://raw.githubusercontent.com:443 "GET /HLPFLCG/hlpflrecords/main/public/audio/death-of-me.mp3 HTTP/1.1" 200 6351488
2025-12-25 16:45:23,657 - DEBUG - Starting new HTTPS connection (1): raw.githubusercontent.com:443
2025-12-25 16:45:24,054 - DEBUG - https://raw.githubusercontent.com:443 "GET /HLPFLCG/hlpflrecords/main/public/audio/doomed.mp3 HTTP/1.1" 200 6699968
2025-12-25 16:45:24,125 - DEBUG - Starting new HTTPS connection (1): raw.githubusercontent.com:443
2025-12-25 16:45:24,349 - DEBUG - https://raw.githubusercontent.com:443 "GET /HLPFLCG/hlpflrecords/main/public/audio/home.mp3 HTTP/1.1" 200 2191259
2025-12-25 16:45:24,369 - DEBUG - Starting new HTTPS connection (1): raw.githubusercontent.com:443
2025-12-25 16:45:24,622 - DEBUG - https://raw.githubusercontent.com:443 "GET /HLPFLCG/hlpflrecords/main/public/audio/lottery.mp3 HTTP/1.1" 200 7323968
2025-12-25 16:45:24,701 - DEBUG - Starting new HTTPS connection (1): raw.githubusercontent.com:443
2025-12-25 16:45:25,096 - DEBUG - https://raw.githubusercontent.com:443 "GET /HLPFLCG/hlpflrecords/main/public/audio/ptsd.mp3 HTTP/1.1" 200 5902103
2025-12-25 16:45:25,152 - DEBUG - Starting new HTTPS connection (1): raw.githubusercontent.com:443
2025-12-25 16:45:25,594 - DEBUG - https://raw.githubusercontent.com:443 "GET /HLPFLCG/hlpflrecords/main/public/audio/regrets%20!%20wip%203%20-%20alki.mp3 HTTP/1.1" 200 6089408
2025-12-25 16:45:25,652 - DEBUG - Starting new HTTPS connection (1): raw.githubusercontent.com:443
2025-12-25 16:45:26,095 - DEBUG - https://raw.githubusercontent.com:443 "GET /HLPFLCG/hlpflrecords/main/public/audio/regrets.mp3 HTTP/1.1" 200 6089408
2025-12-25 16:45:26,156 - DEBUG - Starting new HTTPS connection (1): raw.githubusercontent.com:443
2025-12-25 16:45:26,629 - DEBUG - https://raw.githubusercontent.com:443 "GET /HLPFLCG/hlpflrecords/main/public/audio/sad-corvette.mp3 HTTP/1.1" 200 7099328
2025-12-25 16:45:26,701 - DEBUG - Starting new HTTPS connection (1): raw.githubusercontent.com:443
2025-12-25 16:45:26,989 - DEBUG - https://raw.githubusercontent.com:443 "GET /HLPFLCG/hlpflrecords/main/public/audio/tear-me-apart.mp3 HTTP/1.1" 200 5700608
2025-12-25 16:45:27,044 - DEBUG - Starting new HTTPS connection (1): raw.githubusercontent.com:443
2025-12-25 16:45:27,421 - DEBUG - https://raw.githubusercontent.com:443 "GET /HLPFLCG/hlpflrecords/main/public/audio/writin-my-wrongs.mp3 HTTP/1.1" 200 5404936
2025-12-25 16:45:27,470 - DEBUG - Starting new HTTPS connection (1): raw.githubusercontent.com:443
2025-12-25 16:45:27,580 - DEBUG - https://raw.githubusercontent.com:443 "GET /HLPFLCG/hlpflrecords/main/src/app/error.tsx HTTP/1.1" 200 1239
2025-12-25 16:45:27,583 - DEBUG - Starting new HTTPS connection (1): raw.githubusercontent.com:443
2025-12-25 16:45:27,699 - DEBUG - https://raw.githubusercontent.com:443 "GET /HLPFLCG/hlpflrecords/main/src/app/globals.css HTTP/1.1" 200 2072
2025-12-25 16:45:27,703 - DEBUG - Starting new HTTPS connection (1): raw.githubusercontent.com:443
2025-12-25 16:45:27,796 - DEBUG - https://raw.githubusercontent.com:443 "GET /HLPFLCG/hlpflrecords/main/src/app/layout.tsx HTTP/1.1" 200 2782
2025-12-25 16:45:27,800 - DEBUG - Starting new HTTPS connection (1): raw.githubusercontent.com:443
2025-12-25 16:45:28,036 - DEBUG - https://raw.githubusercontent.com:443 "GET /HLPFLCG/hlpflrecords/main/src/app/layout.tsx.bak HTTP/1.1" 200 742
2025-12-25 16:45:28,040 - DEBUG - Starting new HTTPS connection (1): raw.githubusercontent.com:443
2025-12-25 16:45:28,160 - DEBUG - https://raw.githubusercontent.com:443 "GET /HLPFLCG/hlpflrecords/main/src/app/loading.tsx HTTP/1.1" 200 469
2025-12-25 16:45:28,164 - DEBUG - Starting new HTTPS connection (1): raw.githubusercontent.com:443
2025-12-25 16:45:28,290 - DEBUG - https://raw.githubusercontent.com:443 "GET /HLPFLCG/hlpflrecords/main/src/app/manifest.ts HTTP/1.1" 200 433
2025-12-25 16:45:28,294 - DEBUG - Starting new HTTPS connection (1): raw.githubusercontent.com:443
2025-12-25 16:45:28,425 - DEBUG - https://raw.githubusercontent.com:443 "GET /HLPFLCG/hlpflrecords/main/src/app/not-found.tsx HTTP/1.1" 200 1083
2025-12-25 16:45:28,428 - DEBUG - Starting new HTTPS connection (1): raw.githubusercontent.com:443
2025-12-25 16:45:28,542 - DEBUG - https://raw.githubusercontent.com:443 "GET /HLPFLCG/hlpflrecords/main/src/app/page.tsx HTTP/1.1" 200 379
2025-12-25 16:45:28,545 - DEBUG - Starting new HTTPS connection (1): raw.githubusercontent.com:443
2025-12-25 16:45:28,675 - DEBUG - https://raw.githubusercontent.com:443 "GET /HLPFLCG/hlpflrecords/main/src/app/robots.ts HTTP/1.1" 200 212
2025-12-25 16:45:28,678 - DEBUG - Starting new HTTPS connection (1): raw.githubusercontent.com:443
2025-12-25 16:45:28,802 - DEBUG - https://raw.githubusercontent.com:443 "GET /HLPFLCG/hlpflrecords/main/src/app/sitemap.ts HTTP/1.1" 200 389
2025-12-25 16:45:28,805 - DEBUG - Starting new HTTPS connection (1): raw.githubusercontent.com:443
2025-12-25 16:45:28,933 - DEBUG - https://raw.githubusercontent.com:443 "GET /HLPFLCG/hlpflrecords/main/src/components/CreativeEasterEggs.tsx HTTP/1.1" 200 3510
2025-12-25 16:45:28,937 - DEBUG - Starting new HTTPS connection (1): raw.githubusercontent.com:443
2025-12-25 16:45:29,067 - DEBUG - https://raw.githubusercontent.com:443 "GET /HLPFLCG/hlpflrecords/main/src/components/EnhancedErrorBoundary.tsx HTTP/1.1" 200 1538
2025-12-25 16:45:29,071 - DEBUG - Starting new HTTPS connection (1): raw.githubusercontent.com:443
2025-12-25 16:45:29,208 - DEBUG - https://raw.githubusercontent.com:443 "GET /HLPFLCG/hlpflrecords/main/src/components/ErrorBoundary.tsx HTTP/1.1" 200 1204
2025-12-25 16:45:29,212 - DEBUG - Starting new HTTPS connection (1): raw.githubusercontent.com:443
2025-12-25 16:45:29,335 - DEBUG - https://raw.githubusercontent.com:443 "GET /HLPFLCG/hlpflrecords/main/src/components/LazyImage.tsx HTTP/1.1" 200 876
2025-12-25 16:45:29,340 - DEBUG - Starting new HTTPS connection (1): raw.githubusercontent.com:443
2025-12-25 16:45:29,466 - DEBUG - https://raw.githubusercontent.com:443 "GET /HLPFLCG/hlpflrecords/main/src/components/LoadingScreen.jsx HTTP/1.1" 200 669
2025-12-25 16:45:29,468 - DEBUG - Starting new HTTPS connection (1): raw.githubusercontent.com:443
2025-12-25 16:45:29,565 - DEBUG - https://raw.githubusercontent.com:443 "GET /HLPFLCG/hlpflrecords/main/src/components/Logo.jsx HTTP/1.1" 200 204
2025-12-25 16:45:29,568 - DEBUG - Starting new HTTPS connection (1): raw.githubusercontent.com:443
2025-12-25 16:45:29,759 - DEBUG - https://raw.githubusercontent.com:443 "GET /HLPFLCG/hlpflrecords/main/src/components/PerformanceMonitor.tsx HTTP/1.1" 200 336
2025-12-25 16:45:29,761 - DEBUG - Starting new HTTPS connection (1): raw.githubusercontent.com:443
2025-12-25 16:45:29,868 - DEBUG - https://raw.githubusercontent.com:443 "GET /HLPFLCG/hlpflrecords/main/src/components/SEOHead.tsx HTTP/1.1" 200 450
2025-12-25 16:45:29,872 - DEBUG - Starting new HTTPS connection (1): raw.githubusercontent.com:443
2025-12-25 16:45:30,021 - DEBUG - https://raw.githubusercontent.com:443 "GET /HLPFLCG/hlpflrecords/main/src/components/SecretMusicPlayer.tsx HTTP/1.1" 200 3139
2025-12-25 16:45:30,025 - DEBUG - Starting new HTTPS connection (1): raw.githubusercontent.com:443
2025-12-25 16:45:30,144 - DEBUG - https://raw.githubusercontent.com:443 "GET /HLPFLCG/hlpflrecords/main/src/components/WebVitals.tsx HTTP/1.1" 200 1072
2025-12-25 16:45:30,148 - DEBUG - Starting new HTTPS connection (1): raw.githubusercontent.com:443
2025-12-25 16:45:30,356 - DEBUG - https://raw.githubusercontent.com:443 "GET /HLPFLCG/hlpflrecords/main/src/contexts/ThemeContext.tsx HTTP/1.1" 200 1010
2025-12-25 16:45:30,360 - DEBUG - Starting new HTTPS connection (1): raw.githubusercontent.com:443
2025-12-25 16:45:30,499 - DEBUG - https://raw.githubusercontent.com:443 "GET /HLPFLCG/hlpflrecords/main/src/data/mockData.ts HTTP/1.1" 200 4095
2025-12-25 16:45:30,504 - DEBUG - Starting new HTTPS connection (1): raw.githubusercontent.com:443
2025-12-25 16:45:30,637 - DEBUG - https://raw.githubusercontent.com:443 "GET /HLPFLCG/hlpflrecords/main/src/hooks/useScrollAnimation.ts HTTP/1.1" 200 922
2025-12-25 16:45:30,640 - DEBUG - Starting new HTTPS connection (1): raw.githubusercontent.com:443
2025-12-25 16:45:30,755 - DEBUG - https://raw.githubusercontent.com:443 "GET /HLPFLCG/hlpflrecords/main/src/hooks/useScrollEffect.ts HTTP/1.1" 200 806
2025-12-25 16:45:30,759 - DEBUG - Starting new HTTPS connection (1): raw.githubusercontent.com:443
2025-12-25 16:45:30,890 - DEBUG - https://raw.githubusercontent.com:443 "GET /HLPFLCG/hlpflrecords/main/src/lib/Api-Client.ts HTTP/1.1" 200 949
2025-12-25 16:45:30,892 - DEBUG - Starting new HTTPS connection (1): raw.githubusercontent.com:443
2025-12-25 16:45:31,008 - DEBUG - https://raw.githubusercontent.com:443 "GET /HLPFLCG/hlpflrecords/main/src/lib/analytics.ts HTTP/1.1" 200 987
2025-12-25 16:45:31,011 - DEBUG - Starting new HTTPS connection (1): raw.githubusercontent.com:443
2025-12-25 16:45:31,120 - DEBUG - https://raw.githubusercontent.com:443 "GET /HLPFLCG/hlpflrecords/main/src/lib/chatbotAnalytics.ts HTTP/1.1" 200 2403
2025-12-25 16:45:31,123 - DEBUG - Starting new HTTPS connection (1): raw.githubusercontent.com:443
2025-12-25 16:45:31,238 - DEBUG - https://raw.githubusercontent.com:443 "GET /HLPFLCG/hlpflrecords/main/src/lib/imageOptimization.ts HTTP/1.1" 200 1801
2025-12-25 16:45:31,242 - DEBUG - Starting new HTTPS connection (1): raw.githubusercontent.com:443
2025-12-25 16:45:31,365 - DEBUG - https://raw.githubusercontent.com:443 "GET /HLPFLCG/hlpflrecords/main/src/lib/logger.ts HTTP/1.1" 200 913
2025-12-25 16:45:31,368 - DEBUG - Starting new HTTPS connection (1): raw.githubusercontent.com:443
2025-12-25 16:45:31,493 - DEBUG - https://raw.githubusercontent.com:443 "GET /HLPFLCG/hlpflrecords/main/src/lib/performance.ts HTTP/1.1" 200 1102
2025-12-25 16:45:31,495 - DEBUG - Starting new HTTPS connection (1): raw.githubusercontent.com:443
2025-12-25 16:45:31,605 - DEBUG - https://raw.githubusercontent.com:443 "GET /HLPFLCG/hlpflrecords/main/src/lib/seo.ts HTTP/1.1" 200 1338
2025-12-25 16:45:31,607 - DEBUG - Starting new HTTPS connection (1): raw.githubusercontent.com:443
2025-12-25 16:45:31,708 - DEBUG - https://raw.githubusercontent.com:443 "GET /HLPFLCG/hlpflrecords/main/src/lib/structuredData.ts HTTP/1.1" 200 1711
2025-12-25 16:45:31,711 - DEBUG - Starting new HTTPS connection (1): raw.githubusercontent.com:443
2025-12-25 16:45:31,808 - DEBUG - https://raw.githubusercontent.com:443 "GET /HLPFLCG/hlpflrecords/main/src/lib/utils.ts HTTP/1.1" 200 329
2025-12-25 16:45:31,811 - DEBUG - Starting new HTTPS connection (1): raw.githubusercontent.com:443
2025-12-25 16:45:31,913 - DEBUG - https://raw.githubusercontent.com:443 "GET /HLPFLCG/hlpflrecords/main/src/lib/webVitals.ts HTTP/1.1" 200 558
2025-12-25 16:45:31,916 - DEBUG - Starting new HTTPS connection (1): raw.githubusercontent.com:443
2025-12-25 16:45:32,124 - DEBUG - https://raw.githubusercontent.com:443 "GET /HLPFLCG/hlpflrecords/main/src/styles/Loading.module.css HTTP/1.1" 200 871
2025-12-25 16:45:32,127 - DEBUG - Starting new HTTPS connection (1): raw.githubusercontent.com:443
2025-12-25 16:45:32,233 - DEBUG - https://raw.githubusercontent.com:443 "GET /HLPFLCG/hlpflrecords/main/src/styles/Starfield.module.css HTTP/1.1" 200 239
2025-12-25 16:45:32,237 - DEBUG - Starting new HTTPS connection (1): raw.githubusercontent.com:443
2025-12-25 16:45:32,358 - DEBUG - https://raw.githubusercontent.com:443 "GET /HLPFLCG/hlpflrecords/main/src/styles/animations.css HTTP/1.1" 200 1417
2025-12-25 16:45:32,363 - DEBUG - Starting new HTTPS connection (1): raw.githubusercontent.com:443
2025-12-25 16:45:32,476 - DEBUG - https://raw.githubusercontent.com:443 "GET /HLPFLCG/hlpflrecords/main/src/test/setup.ts HTTP/1.1" 200 381
2025-12-25 16:45:32,478 - DEBUG - Starting new HTTPS connection (1): raw.githubusercontent.com:443
2025-12-25 16:45:32,573 - DEBUG - https://raw.githubusercontent.com:443 "GET /HLPFLCG/hlpflrecords/main/src/types/index.ts HTTP/1.1" 200 413
2025-12-25 16:45:32,575 - DEBUG - Starting new HTTPS connection (1): raw.githubusercontent.com:443
2025-12-25 16:45:32,739 - DEBUG - https://raw.githubusercontent.com:443 "GET /HLPFLCG/hlpflrecords/main/public/images/favicon/hlpflsvggradientsymbol.svg HTTP/1.1" 200 117249
2025-12-25 16:45:32,755 - DEBUG - Starting new HTTPS connection (1): raw.githubusercontent.com:443
2025-12-25 16:45:32,876 - DEBUG - https://raw.githubusercontent.com:443 "GET /HLPFLCG/hlpflrecords/main/public/images/favicon/hlpflsymbolpnggradient.ico HTTP/1.1" 200 16952
2025-12-25 16:45:32,881 - DEBUG - Starting new HTTPS connection (1): raw.githubusercontent.com:443
2025-12-25 16:45:33,010 - DEBUG - https://raw.githubusercontent.com:443 "GET /HLPFLCG/hlpflrecords/main/public/images/favicon/hlpflsymbolpnggradient.png HTTP/1.1" 200 267735
2025-12-25 16:45:33,047 - DEBUG - Starting new HTTPS connection (1): raw.githubusercontent.com:443
2025-12-25 16:45:33,188 - DEBUG - https://raw.githubusercontent.com:443 "GET /HLPFLCG/hlpflrecords/main/public/images/favicon/updatedimages_hlpflsvggradientsymbol.svg HTTP/1.1" 200 117249
2025-12-25 16:45:33,218 - DEBUG - Starting new HTTPS connection (1): raw.githubusercontent.com:443
2025-12-25 16:45:33,363 - DEBUG - https://raw.githubusercontent.com:443 "GET /HLPFLCG/hlpflrecords/main/public/images/footer/footerlogowebsitev1.webp HTTP/1.1" 200 11964
2025-12-25 16:45:33,366 - DEBUG - Starting new HTTPS connection (1): raw.githubusercontent.com:443
2025-12-25 16:45:33,481 - DEBUG - https://raw.githubusercontent.com:443 "GET /HLPFLCG/hlpflrecords/main/public/images/footer/footerlogowebsitev2.webp HTTP/1.1" 200 11568
2025-12-25 16:45:33,484 - DEBUG - Starting new HTTPS connection (1): raw.githubusercontent.com:443
2025-12-25 16:45:33,605 - DEBUG - https://raw.githubusercontent.com:443 "GET /HLPFLCG/hlpflrecords/main/public/images/footer/footerlogowebsitev3.webp HTTP/1.1" 200 12466
2025-12-25 16:45:33,609 - DEBUG - Starting new HTTPS connection (1): raw.githubusercontent.com:443
2025-12-25 16:45:33,877 - DEBUG - https://raw.githubusercontent.com:443 "GET /HLPFLCG/hlpflrecords/main/public/images/releases/221.png HTTP/1.1" 200 8420690
2025-12-25 16:45:33,961 - DEBUG - Starting new HTTPS connection (1): raw.githubusercontent.com:443
2025-12-25 16:45:34,092 - DEBUG - https://raw.githubusercontent.com:443 "GET /HLPFLCG/hlpflrecords/main/public/images/releases/221.webp HTTP/1.1" 200 694882
2025-12-25 16:45:34,132 - DEBUG - Starting new HTTPS connection (1): raw.githubusercontent.com:443
2025-12-25 16:45:34,253 - DEBUG - https://raw.githubusercontent.com:443 "GET /HLPFLCG/hlpflrecords/main/public/images/releases/alone.jpg HTTP/1.1" 200 25133
2025-12-25 16:45:34,263 - DEBUG - Starting new HTTPS connection (1): raw.githubusercontent.com:443
2025-12-25 16:45:34,388 - DEBUG - https://raw.githubusercontent.com:443 "GET /HLPFLCG/hlpflrecords/main/public/images/releases/alright.jpg HTTP/1.1" 200 24565
2025-12-25 16:45:34,400 - DEBUG - Starting new HTTPS connection (1): raw.githubusercontent.com:443
2025-12-25 16:45:34,519 - DEBUG - https://raw.githubusercontent.com:443 "GET /HLPFLCG/hlpflrecords/main/public/images/releases/attached.jpg HTTP/1.1" 200 36481
2025-12-25 16:45:34,523 - DEBUG - Starting new HTTPS connection (1): raw.githubusercontent.com:443
2025-12-25 16:45:34,674 - DEBUG - https://raw.githubusercontent.com:443 "GET /HLPFLCG/hlpflrecords/main/public/images/releases/attached.webp HTTP/1.1" 200 694882
2025-12-25 16:45:34,695 - DEBUG - Starting new HTTPS connection (1): raw.githubusercontent.com:443
2025-12-25 16:45:34,822 - DEBUG - https://raw.githubusercontent.com:443 "GET /HLPFLCG/hlpflrecords/main/public/images/releases/awayfromyou.jpg HTTP/1.1" 200 12526
2025-12-25 16:45:34,825 - DEBUG - Starting new HTTPS connection (1): raw.githubusercontent.com:443
2025-12-25 16:45:34,939 - DEBUG - https://raw.githubusercontent.com:443 "GET /HLPFLCG/hlpflrecords/main/public/images/releases/better-off.jpg HTTP/1.1" 200 57325
2025-12-25 16:45:34,958 - DEBUG - Starting new HTTPS connection (1): raw.githubusercontent.com:443
2025-12-25 16:45:35,098 - DEBUG - https://raw.githubusercontent.com:443 "GET /HLPFLCG/hlpflrecords/main/public/images/releases/better-off.webp HTTP/1.1" 200 694882
2025-12-25 16:45:35,151 - DEBUG - Starting new HTTPS connection (1): raw.githubusercontent.com:443
2025-12-25 16:45:35,303 - DEBUG - https://raw.githubusercontent.com:443 "GET /HLPFLCG/hlpflrecords/main/public/images/releases/boujeebish.jpg HTTP/1.1" 200 25488
2025-12-25 16:45:35,308 - DEBUG - Starting new HTTPS connection (1): raw.githubusercontent.com:443
2025-12-25 16:45:35,435 - DEBUG - https://raw.githubusercontent.com:443 "GET /HLPFLCG/hlpflrecords/main/public/images/releases/cigarettes.jpg HTTP/1.1" 200 9785
2025-12-25 16:45:35,440 - DEBUG - Starting new HTTPS connection (1): raw.githubusercontent.com:443
2025-12-25 16:45:35,569 - DEBUG - https://raw.githubusercontent.com:443 "GET /HLPFLCG/hlpflrecords/main/public/images/releases/damaged.jpg HTTP/1.1" 200 66768
2025-12-25 16:45:35,589 - DEBUG - Starting new HTTPS connection (1): raw.githubusercontent.com:443
2025-12-25 16:45:35,726 - DEBUG - https://raw.githubusercontent.com:443 "GET /HLPFLCG/hlpflrecords/main/public/images/releases/deceiving.jpg HTTP/1.1" 200 19833
2025-12-25 16:45:35,728 - DEBUG - Starting new HTTPS connection (1): raw.githubusercontent.com:443
2025-12-25 16:45:35,856 - DEBUG - https://raw.githubusercontent.com:443 "GET /HLPFLCG/hlpflrecords/main/public/images/releases/deceiving.webp HTTP/1.1" 200 694882
2025-12-25 16:45:35,877 - DEBUG - Starting new HTTPS connection (1): raw.githubusercontent.com:443
2025-12-25 16:45:35,987 - DEBUG - https://raw.githubusercontent.com:443 "GET /HLPFLCG/hlpflrecords/main/public/images/releases/december.jpg HTTP/1.1" 200 36588
2025-12-25 16:45:35,997 - DEBUG - Starting new HTTPS connection (1): raw.githubusercontent.com:443
2025-12-25 16:45:36,097 - DEBUG - https://raw.githubusercontent.com:443 "GET /HLPFLCG/hlpflrecords/main/public/images/releases/dying4u.jpg HTTP/1.1" 200 34994
2025-12-25 16:45:36,102 - DEBUG - Starting new HTTPS connection (1): raw.githubusercontent.com:443
2025-12-25 16:45:36,228 - DEBUG - https://raw.githubusercontent.com:443 "GET /HLPFLCG/hlpflrecords/main/public/images/releases/fakelove.jpg HTTP/1.1" 200 7763
2025-12-25 16:45:36,231 - DEBUG - Starting new HTTPS connection (1): raw.githubusercontent.com:443
2025-12-25 16:45:36,344 - DEBUG - https://raw.githubusercontent.com:443 "GET /HLPFLCG/hlpflrecords/main/public/images/releases/get-down.jpg HTTP/1.1" 200 24431
2025-12-25 16:45:36,353 - DEBUG - Starting new HTTPS connection (1): raw.githubusercontent.com:443
2025-12-25 16:45:36,639 - DEBUG - https://raw.githubusercontent.com:443 "GET /HLPFLCG/hlpflrecords/main/public/images/releases/get-down.webp HTTP/1.1" 200 694882
2025-12-25 16:45:36,686 - DEBUG - Starting new HTTPS connection (1): raw.githubusercontent.com:443
2025-12-25 16:45:36,790 - DEBUG - https://raw.githubusercontent.com:443 "GET /HLPFLCG/hlpflrecords/main/public/images/releases/hadenough.jpg HTTP/1.1" 200 24508
2025-12-25 16:45:36,795 - DEBUG - Starting new HTTPS connection (1): raw.githubusercontent.com:443
2025-12-25 16:45:36,922 - DEBUG - https://raw.githubusercontent.com:443 "GET /HLPFLCG/hlpflrecords/main/public/images/releases/heather.jpg HTTP/1.1" 200 22001
2025-12-25 16:45:36,928 - DEBUG - Starting new HTTPS connection (1): raw.githubusercontent.com:443
2025-12-25 16:45:37,067 - DEBUG - https://raw.githubusercontent.com:443 "GET /HLPFLCG/hlpflrecords/main/public/images/releases/hitmyline.jpg HTTP/1.1" 200 28898
2025-12-25 16:45:37,080 - DEBUG - Starting new HTTPS connection (1): raw.githubusercontent.com:443
2025-12-25 16:45:37,210 - DEBUG - https://raw.githubusercontent.com:443 "GET /HLPFLCG/hlpflrecords/main/public/images/releases/howifeel.jpg HTTP/1.1" 200 15068
2025-12-25 16:45:37,214 - DEBUG - Starting new HTTPS connection (1): raw.githubusercontent.com:443
2025-12-25 16:45:37,326 - DEBUG - https://raw.githubusercontent.com:443 "GET /HLPFLCG/hlpflrecords/main/public/images/releases/lackin.jpg HTTP/1.1" 200 36255
2025-12-25 16:45:37,335 - DEBUG - Starting new HTTPS connection (1): raw.githubusercontent.com:443
2025-12-25 16:45:37,478 - DEBUG - https://raw.githubusercontent.com:443 "GET /HLPFLCG/hlpflrecords/main/public/images/releases/lackin.webp HTTP/1.1" 200 694882
2025-12-25 16:45:37,520 - DEBUG - Starting new HTTPS connection (1): raw.githubusercontent.com:443
2025-12-25 16:45:37,622 - DEBUG - https://raw.githubusercontent.com:443 "GET /HLPFLCG/hlpflrecords/main/public/images/releases/lost.jpg HTTP/1.1" 200 13929
2025-12-25 16:45:37,624 - DEBUG - Starting new HTTPS connection (1): raw.githubusercontent.com:443
2025-12-25 16:45:37,717 - DEBUG - https://raw.githubusercontent.com:443 "GET /HLPFLCG/hlpflrecords/main/public/images/releases/lovememore.jpg HTTP/1.1" 200 58005
2025-12-25 16:45:37,724 - DEBUG - Starting new HTTPS connection (1): raw.githubusercontent.com:443
2025-12-25 16:45:37,817 - DEBUG - https://raw.githubusercontent.com:443 "GET /HLPFLCG/hlpflrecords/main/public/images/releases/lovesick.jpg HTTP/1.1" 200 22212
2025-12-25 16:45:37,821 - DEBUG - Starting new HTTPS connection (1): raw.githubusercontent.com:443
2025-12-25 16:45:37,943 - DEBUG - https://raw.githubusercontent.com:443 "GET /HLPFLCG/hlpflrecords/main/public/images/releases/maniac.jpg HTTP/1.1" 200 18839
2025-12-25 16:45:37,947 - DEBUG - Starting new HTTPS connection (1): raw.githubusercontent.com:443
2025-12-25 16:45:38,189 - DEBUG - https://raw.githubusercontent.com:443 "GET /HLPFLCG/hlpflrecords/main/public/images/releases/mylife.jpg HTTP/1.1" 200 24379
2025-12-25 16:45:38,197 - DEBUG - Starting new HTTPS connection (1): raw.githubusercontent.com:443
2025-12-25 16:45:38,321 - DEBUG - https://raw.githubusercontent.com:443 "GET /HLPFLCG/hlpflrecords/main/public/images/releases/needyou.jpg HTTP/1.1" 200 17462
2025-12-25 16:45:38,327 - DEBUG - Starting new HTTPS connection (1): raw.githubusercontent.com:443
2025-12-25 16:45:38,459 - DEBUG - https://raw.githubusercontent.com:443 "GET /HLPFLCG/hlpflrecords/main/public/images/releases/no-service.jpg HTTP/1.1" 200 17542
2025-12-25 16:45:38,468 - DEBUG - Starting new HTTPS connection (1): raw.githubusercontent.com:443
2025-12-25 16:45:38,714 - DEBUG - https://raw.githubusercontent.com:443 "GET /HLPFLCG/hlpflrecords/main/public/images/releases/no-service.webp HTTP/1.1" 200 694882
2025-12-25 16:45:38,751 - DEBUG - Starting new HTTPS connection (1): raw.githubusercontent.com:443
2025-12-25 16:45:38,905 - DEBUG - https://raw.githubusercontent.com:443 "GET /HLPFLCG/hlpflrecords/main/public/images/releases/noticeme.jpg HTTP/1.1" 200 18497
2025-12-25 16:45:38,907 - DEBUG - Starting new HTTPS connection (1): raw.githubusercontent.com:443
2025-12-25 16:45:39,032 - DEBUG - https://raw.githubusercontent.com:443 "GET /HLPFLCG/hlpflrecords/main/public/images/releases/peon.jpg HTTP/1.1" 200 19240
2025-12-25 16:45:39,041 - DEBUG - Starting new HTTPS connection (1): raw.githubusercontent.com:443
2025-12-25 16:45:39,173 - DEBUG - https://raw.githubusercontent.com:443 "GET /HLPFLCG/hlpflrecords/main/public/images/releases/pessimist.jpg HTTP/1.1" 200 3583
2025-12-25 16:45:39,177 - DEBUG - Starting new HTTPS connection (1): raw.githubusercontent.com:443
2025-12-25 16:45:39,299 - DEBUG - https://raw.githubusercontent.com:443 "GET /HLPFLCG/hlpflrecords/main/public/images/releases/piccup.jpg HTTP/1.1" 200 12648
2025-12-25 16:45:39,303 - DEBUG - Starting new HTTPS connection (1): raw.githubusercontent.com:443
2025-12-25 16:45:39,399 - DEBUG - https://raw.githubusercontent.com:443 "GET /HLPFLCG/hlpflrecords/main/public/images/releases/planes.jpg HTTP/1.1" 200 23854
2025-12-25 16:45:39,403 - DEBUG - Starting new HTTPS connection (1): raw.githubusercontent.com:443
2025-12-25 16:45:39,643 - DEBUG - https://raw.githubusercontent.com:443 "GET /HLPFLCG/hlpflrecords/main/public/images/releases/planes.webp HTTP/1.1" 200 694882
2025-12-25 16:45:39,663 - DEBUG - Starting new HTTPS connection (1): raw.githubusercontent.com:443
2025-12-25 16:45:39,764 - DEBUG - https://raw.githubusercontent.com:443 "GET /HLPFLCG/hlpflrecords/main/public/images/releases/psycho.jpg HTTP/1.1" 200 10885
2025-12-25 16:45:39,768 - DEBUG - Starting new HTTPS connection (1): raw.githubusercontent.com:443
2025-12-25 16:45:39,894 - DEBUG - https://raw.githubusercontent.com:443 "GET /HLPFLCG/hlpflrecords/main/public/images/releases/switched-up.jpg HTTP/1.1" 200 24627
2025-12-25 16:45:39,902 - DEBUG - Starting new HTTPS connection (1): raw.githubusercontent.com:443
2025-12-25 16:45:40,048 - DEBUG - https://raw.githubusercontent.com:443 "GET /HLPFLCG/hlpflrecords/main/public/images/releases/switched-up.webp HTTP/1.1" 200 694882
2025-12-25 16:45:40,090 - DEBUG - Starting new HTTPS connection (1): raw.githubusercontent.com:443
2025-12-25 16:45:40,212 - DEBUG - https://raw.githubusercontent.com:443 "GET /HLPFLCG/hlpflrecords/main/public/images/releases/time.jpg HTTP/1.1" 200 32567
2025-12-25 16:45:40,224 - DEBUG - Starting new HTTPS connection (1): raw.githubusercontent.com:443
2025-12-25 16:45:40,344 - DEBUG - https://raw.githubusercontent.com:443 "GET /HLPFLCG/hlpflrecords/main/public/images/releases/tonight.jpg HTTP/1.1" 200 40606
2025-12-25 16:45:40,359 - DEBUG - Starting new HTTPS connection (1): raw.githubusercontent.com:443
2025-12-25 16:45:40,480 - DEBUG - https://raw.githubusercontent.com:443 "GET /HLPFLCG/hlpflrecords/main/public/images/releases/too-much.jpg HTTP/1.1" 200 26921
2025-12-25 16:45:40,492 - DEBUG - Starting new HTTPS connection (1): raw.githubusercontent.com:443
2025-12-25 16:45:40,617 - DEBUG - https://raw.githubusercontent.com:443 "GET /HLPFLCG/hlpflrecords/main/public/images/releases/too-much.webp HTTP/1.1" 200 694882
2025-12-25 16:45:40,657 - DEBUG - Starting new HTTPS connection (1): raw.githubusercontent.com:443
2025-12-25 16:45:40,774 - DEBUG - https://raw.githubusercontent.com:443 "GET /HLPFLCG/hlpflrecords/main/public/images/releases/whenimwithyou.jpg HTTP/1.1" 200 13166
2025-12-25 16:45:40,778 - DEBUG - Starting new HTTPS connection (1): raw.githubusercontent.com:443
2025-12-25 16:45:40,928 - DEBUG - https://raw.githubusercontent.com:443 "GET /HLPFLCG/hlpflrecords/main/public/images/team/234923287579528209.jpeg HTTP/1.1" 200 148592
2025-12-25 16:45:40,956 - DEBUG - Starting new HTTPS connection (1): raw.githubusercontent.com:443
2025-12-25 16:45:41,056 - DEBUG - https://raw.githubusercontent.com:443 "GET /HLPFLCG/hlpflrecords/main/public/images/team/234923287579528209.webp HTTP/1.1" 200 71902
2025-12-25 16:45:41,070 - DEBUG - Starting new HTTPS connection (1): raw.githubusercontent.com:443
2025-12-25 16:45:41,394 - DEBUG - https://raw.githubusercontent.com:443 "GET /HLPFLCG/hlpflrecords/main/public/images/team/2964009635738408332.jpeg HTTP/1.1" 200 1422308
2025-12-25 16:45:41,450 - DEBUG - Starting new HTTPS connection (1): raw.githubusercontent.com:443
2025-12-25 16:45:41,583 - DEBUG - https://raw.githubusercontent.com:443 "GET /HLPFLCG/hlpflrecords/main/public/images/team/2964009635738408332.webp HTTP/1.1" 200 1003404
2025-12-25 16:45:41,635 - DEBUG - Starting new HTTPS connection (1): raw.githubusercontent.com:443
2025-12-25 16:45:41,917 - DEBUG - https://raw.githubusercontent.com:443 "GET /HLPFLCG/hlpflrecords/main/public/images/team/3836042966790980117.jpeg HTTP/1.1" 200 656354
2025-12-25 16:45:41,964 - DEBUG - Starting new HTTPS connection (1): raw.githubusercontent.com:443
2025-12-25 16:45:42,091 - DEBUG - https://raw.githubusercontent.com:443 "GET /HLPFLCG/hlpflrecords/main/public/images/team/3836042966790980117.webp HTTP/1.1" 200 389184
2025-12-25 16:45:42,133 - DEBUG - Starting new HTTPS connection (1): raw.githubusercontent.com:443
2025-12-25 16:45:42,300 - DEBUG - https://raw.githubusercontent.com:443 "GET /HLPFLCG/hlpflrecords/main/public/images/team/6806525425881522383.jpeg HTTP/1.1" 200 836174
2025-12-25 16:45:42,343 - DEBUG - Starting new HTTPS connection (1): raw.githubusercontent.com:443
2025-12-25 16:45:42,499 - DEBUG - https://raw.githubusercontent.com:443 "GET /HLPFLCG/hlpflrecords/main/public/images/team/6806525425881522383.webp HTTP/1.1" 200 413640
2025-12-25 16:45:42,544 - DEBUG - Starting new HTTPS connection (1): raw.githubusercontent.com:443
2025-12-25 16:45:42,780 - DEBUG - https://raw.githubusercontent.com:443 "GET /HLPFLCG/hlpflrecords/main/public/images/team/7116508092182289035.jpeg HTTP/1.1" 200 956793
2025-12-25 16:45:42,811 - DEBUG - Starting new HTTPS connection (1): raw.githubusercontent.com:443
2025-12-25 16:45:42,956 - DEBUG - https://raw.githubusercontent.com:443 "GET /HLPFLCG/hlpflrecords/main/public/images/team/7116508092182289035.webp HTTP/1.1" 200 711182
2025-12-25 16:45:42,991 - DEBUG - Starting new HTTPS connection (1): raw.githubusercontent.com:443
2025-12-25 16:45:43,223 - DEBUG - https://raw.githubusercontent.com:443 "GET /HLPFLCG/hlpflrecords/main/public/images/team/7621769550755224829.jpeg HTTP/1.1" 200 671339
2025-12-25 16:45:43,258 - DEBUG - Starting new HTTPS connection (1): raw.githubusercontent.com:443
2025-12-25 16:45:43,404 - DEBUG - https://raw.githubusercontent.com:443 "GET /HLPFLCG/hlpflrecords/main/public/images/team/7621769550755224829.webp HTTP/1.1" 200 387142
2025-12-25 16:45:43,439 - DEBUG - Starting new HTTPS connection (1): raw.githubusercontent.com:443
2025-12-25 16:45:43,805 - DEBUG - https://raw.githubusercontent.com:443 "GET /HLPFLCG/hlpflrecords/main/public/images/team/IMG_2768.png HTTP/1.1" 200 8420690
2025-12-25 16:45:43,902 - DEBUG - Starting new HTTPS connection (1): raw.githubusercontent.com:443
2025-12-25 16:45:44,163 - DEBUG - https://raw.githubusercontent.com:443 "GET /HLPFLCG/hlpflrecords/main/public/images/team/IMG_2768.webp HTTP/1.1" 200 694882
2025-12-25 16:45:44,204 - DEBUG - Starting new HTTPS connection (1): raw.githubusercontent.com:443
2025-12-25 16:45:44,486 - DEBUG - https://raw.githubusercontent.com:443 "GET /HLPFLCG/hlpflrecords/main/public/images/team/alki.jpg HTTP/1.1" 200 656354
2025-12-25 16:45:44,532 - DEBUG - Starting new HTTPS connection (1): raw.githubusercontent.com:443
2025-12-25 16:45:44,651 - DEBUG - https://raw.githubusercontent.com:443 "GET /HLPFLCG/hlpflrecords/main/public/images/team/alki.webp HTTP/1.1" 200 389184
2025-12-25 16:45:44,673 - DEBUG - Starting new HTTPS connection (1): raw.githubusercontent.com:443
2025-12-25 16:45:44,899 - DEBUG - https://raw.githubusercontent.com:443 "GET /HLPFLCG/hlpflrecords/main/public/images/team/james-rockel.jpg HTTP/1.1" 200 2676154
2025-12-25 16:45:44,932 - DEBUG - Starting new HTTPS connection (1): raw.githubusercontent.com:443
2025-12-25 16:45:45,200 - DEBUG - https://raw.githubusercontent.com:443 "GET /HLPFLCG/hlpflrecords/main/public/images/team/james-rockel.webp HTTP/1.1" 200 1506306
2025-12-25 16:45:45,246 - DEBUG - Starting new HTTPS connection (1): raw.githubusercontent.com:443
2025-12-25 16:45:45,453 - DEBUG - https://raw.githubusercontent.com:443 "GET /HLPFLCG/hlpflrecords/main/public/images/team/noah-rank.jpg HTTP/1.1" 200 1807354
2025-12-25 16:45:45,498 - DEBUG - Starting new HTTPS connection (1): raw.githubusercontent.com:443
2025-12-25 16:45:45,599 - DEBUG - https://raw.githubusercontent.com:443 "GET /HLPFLCG/hlpflrecords/main/public/images/team/noah-rank.webp HTTP/1.1" 200 203182
2025-12-25 16:45:45,616 - DEBUG - Starting new HTTPS connection (1): raw.githubusercontent.com:443
2025-12-25 16:45:45,728 - DEBUG - https://raw.githubusercontent.com:443 "GET /HLPFLCG/hlpflrecords/main/src/__tests__/components/CreativeEasterEggs.test.tsx HTTP/1.1" 200 956
2025-12-25 16:45:45,732 - DEBUG - Starting new HTTPS connection (1): raw.githubusercontent.com:443
2025-12-25 16:45:45,845 - DEBUG - https://raw.githubusercontent.com:443 "GET /HLPFLCG/hlpflrecords/main/src/__tests__/components/SecretMusicPlayer.test.tsx HTTP/1.1" 200 897
2025-12-25 16:45:45,849 - DEBUG - Starting new HTTPS connection (1): raw.githubusercontent.com:443
2025-12-25 16:45:45,946 - DEBUG - https://raw.githubusercontent.com:443 "GET /HLPFLCG/hlpflrecords/main/src/app/about/page.tsx HTTP/1.1" 200 2573
2025-12-25 16:45:45,949 - DEBUG - Starting new HTTPS connection (1): raw.githubusercontent.com:443
2025-12-25 16:45:46,054 - DEBUG - https://raw.githubusercontent.com:443 "GET /HLPFLCG/hlpflrecords/main/src/app/artist-portal/page.tsx HTTP/1.1" 200 2537
2025-12-25 16:45:46,057 - DEBUG - Starting new HTTPS connection (1): raw.githubusercontent.com:443
2025-12-25 16:45:46,182 - DEBUG - https://raw.githubusercontent.com:443 "GET /HLPFLCG/hlpflrecords/main/src/app/artists/page.tsx HTTP/1.1" 200 2872
2025-12-25 16:45:46,185 - DEBUG - Starting new HTTPS connection (1): raw.githubusercontent.com:443
2025-12-25 16:45:46,287 - DEBUG - https://raw.githubusercontent.com:443 "GET /HLPFLCG/hlpflrecords/main/src/app/contact/page.tsx HTTP/1.1" 200 3149
2025-12-25 16:45:46,289 - DEBUG - Starting new HTTPS connection (1): raw.githubusercontent.com:443
2025-12-25 16:45:46,382 - DEBUG - https://raw.githubusercontent.com:443 "GET /HLPFLCG/hlpflrecords/main/src/app/licensing/page.tsx HTTP/1.1" 200 2994
2025-12-25 16:45:46,384 - DEBUG - Starting new HTTPS connection (1): raw.githubusercontent.com:443
2025-12-25 16:45:46,476 - DEBUG - https://raw.githubusercontent.com:443 "GET /HLPFLCG/hlpflrecords/main/src/app/minimal/layout.tsx HTTP/1.1" 200 402
2025-12-25 16:45:46,478 - DEBUG - Starting new HTTPS connection (1): raw.githubusercontent.com:443
2025-12-25 16:45:46,571 - DEBUG - https://raw.githubusercontent.com:443 "GET /HLPFLCG/hlpflrecords/main/src/app/minimal/page.tsx HTTP/1.1" 200 415
2025-12-25 16:45:46,573 - DEBUG - Starting new HTTPS connection (1): raw.githubusercontent.com:443
2025-12-25 16:45:46,714 - DEBUG - https://raw.githubusercontent.com:443 "GET /HLPFLCG/hlpflrecords/main/src/app/news/page.tsx HTTP/1.1" 200 2005
2025-12-25 16:45:46,718 - DEBUG - Starting new HTTPS connection (1): raw.githubusercontent.com:443
2025-12-25 16:45:46,818 - DEBUG - https://raw.githubusercontent.com:443 "GET /HLPFLCG/hlpflrecords/main/src/app/partners/page.tsx HTTP/1.1" 200 2966
2025-12-25 16:45:46,822 - DEBUG - Starting new HTTPS connection (1): raw.githubusercontent.com:443
2025-12-25 16:45:46,944 - DEBUG - https://raw.githubusercontent.com:443 "GET /HLPFLCG/hlpflrecords/main/src/app/releases/page.tsx HTTP/1.1" 200 2378
2025-12-25 16:45:46,948 - DEBUG - Starting new HTTPS connection (1): raw.githubusercontent.com:443
2025-12-25 16:45:47,043 - DEBUG - https://raw.githubusercontent.com:443 "GET /HLPFLCG/hlpflrecords/main/src/app/submit-music/page.tsx HTTP/1.1" 200 1423
2025-12-25 16:45:47,047 - DEBUG - Starting new HTTPS connection (1): raw.githubusercontent.com:443
2025-12-25 16:45:47,164 - DEBUG - https://raw.githubusercontent.com:443 "GET /HLPFLCG/hlpflrecords/main/src/components/__tests__/ErrorBoundary.test.tsx HTTP/1.1" 200 521
2025-12-25 16:45:47,167 - DEBUG - Starting new HTTPS connection (1): raw.githubusercontent.com:443
2025-12-25 16:45:47,286 - DEBUG - https://raw.githubusercontent.com:443 "GET /HLPFLCG/hlpflrecords/main/src/components/__tests__/SkipLink.test.tsx HTTP/1.1" 200 320
2025-12-25 16:45:47,290 - DEBUG - Starting new HTTPS connection (1): raw.githubusercontent.com:443
2025-12-25 16:45:47,406 - DEBUG - https://raw.githubusercontent.com:443 "GET /HLPFLCG/hlpflrecords/main/src/components/accessibility/AccessibilityHelper.tsx HTTP/1.1" 200 1250
2025-12-25 16:45:47,410 - DEBUG - Starting new HTTPS connection (1): raw.githubusercontent.com:443
2025-12-25 16:45:47,529 - DEBUG - https://raw.githubusercontent.com:443 "GET /HLPFLCG/hlpflrecords/main/src/components/admin/AnalyticsDashboard.tsx HTTP/1.1" 200 1974
2025-12-25 16:45:47,533 - DEBUG - Starting new HTTPS connection (1): raw.githubusercontent.com:443
2025-12-25 16:45:47,653 - DEBUG - https://raw.githubusercontent.com:443 "GET /HLPFLCG/hlpflrecords/main/src/components/analytics/AnalyticsDashboard.tsx HTTP/1.1" 200 739
2025-12-25 16:45:47,655 - DEBUG - Starting new HTTPS connection (1): raw.githubusercontent.com:443
2025-12-25 16:45:47,750 - DEBUG - https://raw.githubusercontent.com:443 "GET /HLPFLCG/hlpflrecords/main/src/components/animations/HoverEffects.tsx HTTP/1.1" 200 850
2025-12-25 16:45:47,754 - DEBUG - Starting new HTTPS connection (1): raw.githubusercontent.com:443
2025-12-25 16:45:47,860 - DEBUG - https://raw.githubusercontent.com:443 "GET /HLPFLCG/hlpflrecords/main/src/components/animations/PageTransition.tsx HTTP/1.1" 200 531
2025-12-25 16:45:47,863 - DEBUG - Starting new HTTPS connection (1): raw.githubusercontent.com:443
2025-12-25 16:45:48,000 - DEBUG - https://raw.githubusercontent.com:443 "GET /HLPFLCG/hlpflrecords/main/src/components/animations/ScrollReveal.tsx HTTP/1.1" 200 828
2025-12-25 16:45:48,005 - DEBUG - Starting new HTTPS connection (1): raw.githubusercontent.com:443
2025-12-25 16:45:48,140 - DEBUG - https://raw.githubusercontent.com:443 "GET /HLPFLCG/hlpflrecords/main/src/components/layout/Footer.tsx HTTP/1.1" 200 1287
2025-12-25 16:45:48,143 - DEBUG - Starting new HTTPS connection (1): raw.githubusercontent.com:443
2025-12-25 16:45:48,245 - DEBUG - https://raw.githubusercontent.com:443 "GET /HLPFLCG/hlpflrecords/main/src/components/layout/Header.tsx HTTP/1.1" 200 1802
2025-12-25 16:45:48,247 - DEBUG - Starting new HTTPS connection (1): raw.githubusercontent.com:443
2025-12-25 16:45:48,348 - DEBUG - https://raw.githubusercontent.com:443 "GET /HLPFLCG/hlpflrecords/main/src/components/performance/OptimizedImage.tsx HTTP/1.1" 200 865
2025-12-25 16:45:48,351 - DEBUG - Starting new HTTPS connection (1): raw.githubusercontent.com:443
2025-12-25 16:45:48,457 - DEBUG - https://raw.githubusercontent.com:443 "GET /HLPFLCG/hlpflrecords/main/src/components/performance/PerformanceMetrics.tsx HTTP/1.1" 200 1069
2025-12-25 16:45:48,460 - DEBUG - Starting new HTTPS connection (1): raw.githubusercontent.com:443
2025-12-25 16:45:48,582 - DEBUG - https://raw.githubusercontent.com:443 "GET /HLPFLCG/hlpflrecords/main/src/components/search/GlobalSearch.tsx HTTP/1.1" 200 2077
2025-12-25 16:45:48,584 - DEBUG - Starting new HTTPS connection (1): raw.githubusercontent.com:443
2025-12-25 16:45:48,710 - DEBUG - https://raw.githubusercontent.com:443 "GET /HLPFLCG/hlpflrecords/main/src/components/sections/AboutSection.tsx HTTP/1.1" 200 1431
2025-12-25 16:45:48,713 - DEBUG - Starting new HTTPS connection (1): raw.githubusercontent.com:443
2025-12-25 16:45:48,832 - DEBUG - https://raw.githubusercontent.com:443 "GET /HLPFLCG/hlpflrecords/main/src/components/sections/FeaturedArtistsSection.tsx HTTP/1.1" 200 1393
2025-12-25 16:45:48,835 - DEBUG - Starting new HTTPS connection (1): raw.githubusercontent.com:443
2025-12-25 16:45:48,960 - DEBUG - https://raw.githubusercontent.com:443 "GET /HLPFLCG/hlpflrecords/main/src/components/sections/HeroSection.tsx HTTP/1.1" 200 1702
2025-12-25 16:45:48,963 - DEBUG - Starting new HTTPS connection (1): raw.githubusercontent.com:443
2025-12-25 16:45:49,069 - DEBUG - https://raw.githubusercontent.com:443 "GET /HLPFLCG/hlpflrecords/main/src/components/sections/ServicesSection.tsx HTTP/1.1" 200 1794
2025-12-25 16:45:49,071 - DEBUG - Starting new HTTPS connection (1): raw.githubusercontent.com:443
2025-12-25 16:45:49,162 - DEBUG - https://raw.githubusercontent.com:443 "GET /HLPFLCG/hlpflrecords/main/src/components/ui/Button.tsx HTTP/1.1" 200 1215
2025-12-25 16:45:49,165 - DEBUG - Starting new HTTPS connection (1): raw.githubusercontent.com:443
2025-12-25 16:45:49,266 - DEBUG - https://raw.githubusercontent.com:443 "GET /HLPFLCG/hlpflrecords/main/src/components/ui/Card.tsx HTTP/1.1" 200 706
2025-12-25 16:45:49,268 - DEBUG - Starting new HTTPS connection (1): raw.githubusercontent.com:443
2025-12-25 16:45:49,379 - DEBUG - https://raw.githubusercontent.com:443 "GET /HLPFLCG/hlpflrecords/main/src/components/ui/Chatbot.tsx HTTP/1.1" 200 9501
2025-12-25 16:45:49,381 - DEBUG - Starting new HTTPS connection (1): raw.githubusercontent.com:443
2025-12-25 16:45:49,480 - DEBUG - https://raw.githubusercontent.com:443 "GET /HLPFLCG/hlpflrecords/main/src/components/ui/PremiumCard.tsx HTTP/1.1" 200 960
2025-12-25 16:45:49,484 - DEBUG - Starting new HTTPS connection (1): raw.githubusercontent.com:443
2025-12-25 16:45:49,607 - DEBUG - https://raw.githubusercontent.com:443 "GET /HLPFLCG/hlpflrecords/main/src/components/ui/Skeleton.tsx HTTP/1.1" 200 636
2025-12-25 16:45:49,609 - DEBUG - Starting new HTTPS connection (1): raw.githubusercontent.com:443
2025-12-25 16:45:49,709 - DEBUG - https://raw.githubusercontent.com:443 "GET /HLPFLCG/hlpflrecords/main/src/components/ui/ThemeToggle.tsx HTTP/1.1" 200 591
2025-12-25 16:45:49,711 - DEBUG - Starting new HTTPS connection (1): raw.githubusercontent.com:443
2025-12-25 16:45:49,832 - DEBUG - https://raw.githubusercontent.com:443 "GET /HLPFLCG/hlpflrecords/main/src/components/ui/Toast.tsx HTTP/1.1" 200 1225
2025-12-25 16:45:49,836 - DEBUG - Starting new HTTPS connection (1): raw.githubusercontent.com:443
2025-12-25 16:45:49,932 - DEBUG - https://raw.githubusercontent.com:443 "GET /HLPFLCG/hlpflrecords/main/src/app/api/chatbot-analytics/route.ts HTTP/1.1" 200 849
2025-12-25 16:45:49,936 - DEBUG - Starting new HTTPS connection (1): raw.githubusercontent.com:443
2025-12-25 16:45:50,063 - DEBUG - https://raw.githubusercontent.com:443 "GET /HLPFLCG/hlpflrecords/main/src/app/api/contact/route.ts HTTP/1.1" 200 1743
2025-12-25 16:45:50,065 - DEBUG - Starting new HTTPS connection (1): raw.githubusercontent.com:443
2025-12-25 16:45:50,170 - DEBUG - https://raw.githubusercontent.com:443 "GET /HLPFLCG/hlpflrecords/main/src/app/legal/cookies-enhanced/page.tsx HTTP/1.1" 200 2982
2025-12-25 16:45:50,173 - DEBUG - Starting new HTTPS connection (1): raw.githubusercontent.com:443
2025-12-25 16:45:50,311 - DEBUG - https://raw.githubusercontent.com:443 "GET /HLPFLCG/hlpflrecords/main/src/app/legal/cookies/page.tsx HTTP/1.1" 200 2982
2025-12-25 16:45:50,313 - DEBUG - Starting new HTTPS connection (1): raw.githubusercontent.com:443
2025-12-25 16:45:50,422 - DEBUG - https://raw.githubusercontent.com:443 "GET /HLPFLCG/hlpflrecords/main/src/app/legal/copyright/page.tsx HTTP/1.1" 200 4407
2025-12-25 16:45:50,426 - DEBUG - Starting new HTTPS connection (1): raw.githubusercontent.com:443
2025-12-25 16:45:50,546 - DEBUG - https://raw.githubusercontent.com:443 "GET /HLPFLCG/hlpflrecords/main/src/app/legal/privacy-enhanced/page.tsx HTTP/1.1" 200 6315
2025-12-25 16:45:50,550 - DEBUG - Starting new HTTPS connection (1): raw.githubusercontent.com:443
2025-12-25 16:45:50,664 - DEBUG - https://raw.githubusercontent.com:443 "GET /HLPFLCG/hlpflrecords/main/src/app/legal/privacy/page.tsx HTTP/1.1" 200 6315
2025-12-25 16:45:50,667 - DEBUG - Starting new HTTPS connection (1): raw.githubusercontent.com:443
2025-12-25 16:45:50,782 - DEBUG - https://raw.githubusercontent.com:443 "GET /HLPFLCG/hlpflrecords/main/src/app/legal/terms-enhanced/page.tsx HTTP/1.1" 200 6463
2025-12-25 16:45:50,786 - DEBUG - Starting new HTTPS connection (1): raw.githubusercontent.com:443
2025-12-25 16:45:50,921 - DEBUG - https://raw.githubusercontent.com:443 "GET /HLPFLCG/hlpflrecords/main/src/app/legal/terms/page.tsx HTTP/1.1" 200 6463
2025-12-25 16:45:50,924 - INFO - Processing repository: HLPFLCG/alki.info
2025-12-25 16:45:50,925 - DEBUG - Resetting dropped connection: api.github.com
2025-12-25 16:45:51,124 - DEBUG - https://api.github.com:443 "GET /repos/HLPFLCG/alki.info/contents/ HTTP/1.1" 200 21983
2025-12-25 16:45:51,479 - DEBUG - https://api.github.com:443 "GET /repos/HLPFLCG/alki.info/contents/.github HTTP/1.1" 200 702
2025-12-25 16:45:51,807 - DEBUG - https://api.github.com:443 "GET /repos/HLPFLCG/alki.info/contents/images HTTP/1.1" 200 14427
2025-12-25 16:45:52,135 - DEBUG - https://api.github.com:443 "GET /repos/HLPFLCG/alki.info/contents/.github/workflows HTTP/1.1" 200 837
2025-12-25 16:45:52,472 - DEBUG - https://api.github.com:443 "GET /repos/HLPFLCG/alki.info/contents/images/logov1 HTTP/1.1" 200 8401
2025-12-25 16:45:52,792 - DEBUG - https://api.github.com:443 "GET /repos/HLPFLCG/alki.info/contents/images/logov1/0.5x HTTP/1.1" 200 934
2025-12-25 16:45:53,114 - DEBUG - https://api.github.com:443 "GET /repos/HLPFLCG/alki.info/contents/images/logov1/1.5x HTTP/1.1" 200 934
2025-12-25 16:45:53,437 - DEBUG - https://api.github.com:443 "GET /repos/HLPFLCG/alki.info/contents/images/logov1/1x HTTP/1.1" 200 1762
2025-12-25 16:45:53,761 - DEBUG - https://api.github.com:443 "GET /repos/HLPFLCG/alki.info/contents/images/logov1/2x HTTP/1.1" 200 1808
2025-12-25 16:45:54,083 - DEBUG - https://api.github.com:443 "GET /repos/HLPFLCG/alki.info/contents/images/logov1/3x HTTP/1.1" 200 1809
2025-12-25 16:45:54,408 - DEBUG - https://api.github.com:443 "GET /repos/HLPFLCG/alki.info/contents/images/logov1/4x HTTP/1.1" 200 1809
2025-12-25 16:45:54,409 - INFO - Found 60 files to collect from alki.info
2025-12-25 16:45:54,411 - DEBUG - Starting new HTTPS connection (1): raw.githubusercontent.com:443
2025-12-25 16:45:54,563 - DEBUG - https://raw.githubusercontent.com:443 "GET /HLPFLCG/alki.info/main/.gitignore HTTP/1.1" 200 635
2025-12-25 16:45:54,567 - DEBUG - Starting new HTTPS connection (1): raw.githubusercontent.com:443
2025-12-25 16:45:54,682 - DEBUG - https://raw.githubusercontent.com:443 "GET /HLPFLCG/alki.info/main/.htaccess HTTP/1.1" 200 1218
2025-12-25 16:45:54,684 - DEBUG - Starting new HTTPS connection (1): raw.githubusercontent.com:443
2025-12-25 16:45:54,778 - DEBUG - https://raw.githubusercontent.com:443 "GET /HLPFLCG/alki.info/main/CHANGELOG.md HTTP/1.1" 200 2669
2025-12-25 16:45:54,781 - DEBUG - Starting new HTTPS connection (1): raw.githubusercontent.com:443
2025-12-25 16:45:54,917 - DEBUG - https://raw.githubusercontent.com:443 "GET /HLPFLCG/alki.info/main/CONTRIBUTING.md HTTP/1.1" 200 3419
2025-12-25 16:45:54,919 - DEBUG - Starting new HTTPS connection (1): raw.githubusercontent.com:443
2025-12-25 16:45:55,038 - DEBUG - https://raw.githubusercontent.com:443 "GET /HLPFLCG/alki.info/main/FINAL_REPORT.md HTTP/1.1" 200 5221
2025-12-25 16:45:55,041 - DEBUG - Starting new HTTPS connection (1): raw.githubusercontent.com:443
2025-12-25 16:45:55,144 - DEBUG - https://raw.githubusercontent.com:443 "GET /HLPFLCG/alki.info/main/IMPLEMENTATION_SUMMARY.md HTTP/1.1" 200 6215
2025-12-25 16:45:55,148 - DEBUG - Starting new HTTPS connection (1): raw.githubusercontent.com:443
2025-12-25 16:45:55,281 - DEBUG - https://raw.githubusercontent.com:443 "GET /HLPFLCG/alki.info/main/PERFECTION_TODO.md HTTP/1.1" 200 4225
2025-12-25 16:45:55,286 - DEBUG - Starting new HTTPS connection (1): raw.githubusercontent.com:443
2025-12-25 16:45:55,406 - DEBUG - https://raw.githubusercontent.com:443 "GET /HLPFLCG/alki.info/main/PR_DESCRIPTION.md HTTP/1.1" 200 1271
2025-12-25 16:45:55,409 - DEBUG - Starting new HTTPS connection (1): raw.githubusercontent.com:443
2025-12-25 16:45:55,517 - DEBUG - https://raw.githubusercontent.com:443 "GET /HLPFLCG/alki.info/main/README.md HTTP/1.1" 200 4540
2025-12-25 16:45:55,520 - DEBUG - Starting new HTTPS connection (1): raw.githubusercontent.com:443
2025-12-25 16:45:55,734 - DEBUG - https://raw.githubusercontent.com:443 "GET /HLPFLCG/alki.info/main/SECURITY.md HTTP/1.1" 200 1817
2025-12-25 16:45:55,736 - DEBUG - Starting new HTTPS connection (1): raw.githubusercontent.com:443
2025-12-25 16:45:55,833 - DEBUG - https://raw.githubusercontent.com:443 "GET /HLPFLCG/alki.info/main/accessibility-checker.js HTTP/1.1" 200 2740
2025-12-25 16:45:55,837 - DEBUG - Starting new HTTPS connection (1): raw.githubusercontent.com:443
2025-12-25 16:45:55,962 - DEBUG - https://raw.githubusercontent.com:443 "GET /HLPFLCG/alki.info/main/audit-report.json HTTP/1.1" 200 262
2025-12-25 16:45:55,965 - DEBUG - Starting new HTTPS connection (1): raw.githubusercontent.com:443
2025-12-25 16:45:56,164 - DEBUG - https://raw.githubusercontent.com:443 "GET /HLPFLCG/alki.info/main/audit-script.js HTTP/1.1" 200 2744
2025-12-25 16:45:56,167 - DEBUG - Starting new HTTPS connection (1): raw.githubusercontent.com:443
2025-12-25 16:45:56,270 - DEBUG - https://raw.githubusercontent.com:443 "GET /HLPFLCG/alki.info/main/critical.css HTTP/1.1" 200 994
2025-12-25 16:45:56,272 - DEBUG - Starting new HTTPS connection (1): raw.githubusercontent.com:443
2025-12-25 16:45:56,363 - DEBUG - https://raw.githubusercontent.com:443 "GET /HLPFLCG/alki.info/main/index.html HTTP/1.1" 200 3654
2025-12-25 16:45:56,365 - DEBUG - Starting new HTTPS connection (1): raw.githubusercontent.com:443
2025-12-25 16:45:56,453 - DEBUG - https://raw.githubusercontent.com:443 "GET /HLPFLCG/alki.info/main/index.html.backup HTTP/1.1" 200 3334
2025-12-25 16:45:56,455 - DEBUG - Starting new HTTPS connection (1): raw.githubusercontent.com:443
2025-12-25 16:45:56,554 - DEBUG - https://raw.githubusercontent.com:443 "GET /HLPFLCG/alki.info/main/manifest.json HTTP/1.1" 200 733
2025-12-25 16:45:56,557 - DEBUG - Starting new HTTPS connection (1): raw.githubusercontent.com:443
2025-12-25 16:45:56,671 - DEBUG - https://raw.githubusercontent.com:443 "GET /HLPFLCG/alki.info/main/optimize-images.sh HTTP/1.1" 200 672
2025-12-25 16:45:56,673 - DEBUG - Starting new HTTPS connection (1): raw.githubusercontent.com:443
2025-12-25 16:45:56,759 - DEBUG - https://raw.githubusercontent.com:443 "GET /HLPFLCG/alki.info/main/package.json HTTP/1.1" 200 246
2025-12-25 16:45:56,760 - DEBUG - Starting new HTTPS connection (1): raw.githubusercontent.com:443
2025-12-25 16:45:56,847 - DEBUG - https://raw.githubusercontent.com:443 "GET /HLPFLCG/alki.info/main/performance-monitor.js HTTP/1.1" 200 1734
2025-12-25 16:45:56,849 - DEBUG - Starting new HTTPS connection (1): raw.githubusercontent.com:443
2025-12-25 16:45:57,065 - DEBUG - https://raw.githubusercontent.com:443 "GET /HLPFLCG/alki.info/main/robots.txt HTTP/1.1" 200 200
2025-12-25 16:45:57,068 - DEBUG - Starting new HTTPS connection (1): raw.githubusercontent.com:443
2025-12-25 16:45:57,207 - DEBUG - https://raw.githubusercontent.com:443 "GET /HLPFLCG/alki.info/main/scripts.js HTTP/1.1" 200 4820
2025-12-25 16:45:57,211 - DEBUG - Starting new HTTPS connection (1): raw.githubusercontent.com:443
2025-12-25 16:45:57,334 - DEBUG - https://raw.githubusercontent.com:443 "GET /HLPFLCG/alki.info/main/sitemap.xml HTTP/1.1" 200 384
2025-12-25 16:45:57,338 - DEBUG - Starting new HTTPS connection (1): raw.githubusercontent.com:443
2025-12-25 16:45:57,459 - DEBUG - https://raw.githubusercontent.com:443 "GET /HLPFLCG/alki.info/main/style-simplified.css HTTP/1.1" 200 4251
2025-12-25 16:45:57,463 - DEBUG - Starting new HTTPS connection (1): raw.githubusercontent.com:443
2025-12-25 16:45:57,575 - DEBUG - https://raw.githubusercontent.com:443 "GET /HLPFLCG/alki.info/main/sw.js HTTP/1.1" 200 1365
2025-12-25 16:45:57,577 - DEBUG - Starting new HTTPS connection (1): raw.githubusercontent.com:443
2025-12-25 16:45:57,666 - DEBUG - https://raw.githubusercontent.com:443 "GET /HLPFLCG/alki.info/main/test-improvements.html HTTP/1.1" 200 1978
2025-12-25 16:45:57,669 - DEBUG - Starting new HTTPS connection (1): raw.githubusercontent.com:443
2025-12-25 16:45:57,786 - DEBUG - https://raw.githubusercontent.com:443 "GET /HLPFLCG/alki.info/main/todo.md HTTP/1.1" 200 268
2025-12-25 16:45:57,788 - DEBUG - Starting new HTTPS connection (1): raw.githubusercontent.com:443
2025-12-25 16:45:57,884 - DEBUG - https://raw.githubusercontent.com:443 "GET /HLPFLCG/alki.info/main/images/221_coverart.png HTTP/1.1" 200 22
2025-12-25 16:45:57,886 - DEBUG - Starting new HTTPS connection (1): raw.githubusercontent.com:443
2025-12-25 16:45:57,987 - DEBUG - https://raw.githubusercontent.com:443 "GET /HLPFLCG/alki.info/main/images/dominos.jpeg HTTP/1.1" 200 671339
2025-12-25 16:45:58,005 - DEBUG - Starting new HTTPS connection (1): raw.githubusercontent.com:443
2025-12-25 16:45:58,212 - DEBUG - https://raw.githubusercontent.com:443 "GET /HLPFLCG/alki.info/main/images/dominos.webp HTTP/1.1" 200 387142
2025-12-25 16:45:58,226 - DEBUG - Starting new HTTPS connection (1): raw.githubusercontent.com:443
2025-12-25 16:46:04,587 - INFO - Starting HLPFLCG GitHub repository collection...
2025-12-25 16:46:04,587 - WARNING - No token provided. Using unauthenticated access (rate limited).
2025-12-25 16:46:04,587 - INFO - Processing 8 individual repositories from config
2025-12-25 16:46:04,587 - DEBUG - Starting new HTTPS connection (1): api.github.com:443
2025-12-25 16:46:04,780 - DEBUG - https://api.github.com:443 "GET /repos/HLPFLCG/hlpflrecords HTTP/1.1" 200 None
2025-12-25 16:46:04,780 - INFO - Found repository: HLPFLCG/hlpflrecords
2025-12-25 16:46:05,060 - DEBUG - https://api.github.com:443 "GET /repos/HLPFLCG/alki.info HTTP/1.1" 403 279
2025-12-25 16:46:05,060 - INFO - Request GET /repos/HLPFLCG/alki.info failed with 403: rate limit exceeded
2025-12-25 16:46:05,060 - DEBUG - Incremented Retry for (url='/repos/HLPFLCG/alki.info'): GithubRetry(total=9, connect=None, read=None, redirect=None, status=None)
2025-12-25 16:46:05,060 - INFO - Setting next backoff to 3532.939106s
